// Jest Snapshot v1, https://goo.gl/fbAQLP

exports[`PostList component renders a list of posts 1`] = `
<section
  className="posts-collection"
>
  <header>
    <h2>
      Posts
    </h2>
  </header>
  <ul
    className="list"
  >
    <li
      className="post"
    >
      <p>
        hey buddy.
      </p>
      <footer
        className="footer"
      >
        <nav
          className="actions"
        >
          <a
            href="/collections/1/edit-post/1"
            onClick={[Function]}
          >
            <svg
              className="icon"
              height="1.125rem"
              width="1.125rem"
            >
              <use
                xlinkHref="#id"
              />
            </svg>
            Edit
          </a>
          <button
            className="linkButton"
            onClick={[Function]}
          >
            <svg
              className="icon"
              height="1.125rem"
              width="1.125rem"
            >
              <use
                xlinkHref="#id"
              />
            </svg>
            Archive
          </button>
        </nav>
        <ul
          className="postChannels"
        />
      </footer>
    </li>
  </ul>
</section>
`;
