// Jest Snapshot v1, https://goo.gl/fbAQLP

exports[`NewPostContent component renders properly 1`] = `
<div
  className="modal__overlay"
  onClick={[Function]}
  role="dialog"
>
  <div
    className="modal__container"
  >
    <header
      className="modal__header"
    >
      <button
        className="linkButton modal__dismiss"
        onClick={[Function]}
      >
        <svg
          className="icon"
          height="0.75rem"
          width="0.75rem"
        >
          <use
            xlinkHref="#id"
          />
        </svg>
      </button>
      <h2>
        Create new post
      </h2>
    </header>
    <div
      className="modal__body"
    >
      <form
        onSubmit={[Function]}
      >
        <dl
          className="form__control-group"
        >
          <dt
            className="label"
          >
            Collection
          </dt>
          <dd
            className="inputContainer"
          >
            howdy!
          </dd>
        </dl>
        <div
          className="form__control-group"
        >
          <label
            className="label"
            htmlFor="Content"
          >
            Content
          </label>
          <textarea
            className="form__control form_textarea"
            id="content"
            name="content"
            onChange={[Function]}
            required={true}
            rows="3"
            value=""
          />
        </div>
        <div
          className="form__control-group"
        >
          <span
            className="label"
          >
            Channels
          </span>
          <div
            className="form__collection-wrapper"
          >
            <label
              htmlFor="channels-10"
              style={
                Object {
                  "position": "relative",
                }
              }
            >
              <input
                checked={false}
                className="form__control"
                id="channels-10"
                onChange={[Function]}
                type="checkbox"
              />
              <span
                className="form__indicator form__indicator_checkbox"
              >
                <svg
                  className="icon icon_checkmark"
                  height={null}
                  width={null}
                >
                  <use
                    xlinkHref="#id"
                  />
                </svg>
              </span>
              <svg
                className="logo"
              >
                <use
                  xlinkHref="#id"
                />
              </svg>
              matthewpearse
            </label>
          </div>
        </div>
        <div
          className="form__actions"
        >
          <button
            className="button button_cancel"
            disabled={false}
            onClick={[Function]}
          >
            Cancel
          </button>
          <button
            className="button"
            disabled={false}
            type="submit"
          >
            Create Post
          </button>
        </div>
      </form>
    </div>
  </div>
</div>
`;
