// Jest Snapshot v1, https://goo.gl/fbAQLP

exports[`Schedule component renders correctly 1`] = `
<section
  className="channel-schedule"
>
  <h2>
    Schedule
  </h2>
  <p>
    <span
      className="toggle-switch"
    >
      <input
        checked={true}
        className="input"
        id="toggler"
        name="checkbox"
        onChange={[Function]}
        type="checkbox"
      />
      <label
        className="label"
        htmlFor="toggler"
      />
    </span>
    <strong>
      Schedule autopilot.
    </strong>
     Great for beginners and those with massive collections.
  </p>
</section>
`;
