// Jest Snapshot v1, https://goo.gl/fbAQLP

exports[`Tabs can specify active panel 1`] = `
<div
  className="tab-container"
>
  <nav
    className="tablist"
    role="tablist"
  >
    <a
      aria-controls="monday"
      aria-selected={false}
      className="tab"
      data-title="Monday"
      href="#monday"
      id="monday-tab"
      role="tab"
    >
      Monday
    </a>
    <a
      aria-controls="tuesday"
      aria-selected={true}
      className="tab"
      data-title="Tuesday"
      href="#tuesday"
      id="tuesday-tab"
      role="tab"
    >
      Tuesday
    </a>
  </nav>
  <div
    aria-hidden={true}
    aria-labelledby="monday-tab"
    className="tabpanel"
    id="monday"
    role="tabpanel"
  >
    hi bud
  </div>
  <div
    aria-hidden={false}
    aria-labelledby="tuesday-tab"
    className="tabpanel"
    id="tuesday"
    role="tabpanel"
  >
    great day
  </div>
</div>
`;

exports[`Tabs renders tabs 1`] = `
<div
  className="tab-container"
>
  <nav
    className="tablist"
    role="tablist"
  >
    <a
      aria-controls="monday"
      aria-selected={true}
      className="tab"
      data-title="Monday"
      href="#monday"
      id="monday-tab"
      role="tab"
    >
      Monday
    </a>
    <a
      aria-controls="tuesday"
      aria-selected={false}
      className="tab"
      data-title="Tuesday"
      href="#tuesday"
      id="tuesday-tab"
      role="tab"
    >
      Tuesday
    </a>
  </nav>
  <div
    aria-hidden={false}
    aria-labelledby="monday-tab"
    className="tabpanel"
    id="monday"
    role="tabpanel"
  >
    hi bud
  </div>
  <div
    aria-hidden={true}
    aria-labelledby="tuesday-tab"
    className="tabpanel"
    id="tuesday"
    role="tabpanel"
  >
    great day
  </div>
</div>
`;
