// Jest Snapshot v1, https://goo.gl/fbAQLP

exports[`TimeslotForm component renders a form 1`] = `
<form
  className="timeslot_form"
  onSubmit={[Function]}
>
  <div
    className="timeslot_controls"
  >
    <div
      className="timeslot_time"
    >
      <input
        name="time"
        onChange={[Function]}
        placeholder="00:00"
        required={true}
        type="text"
        value="01:30"
      />
    </div>
    <div
      className="timeslot_recurrence"
    >
      <div
        className="select"
      >
        <select
          className="form__control"
          id="recurrence"
          name="recurrence"
          onBlur={[Function]}
          required={true}
          value=""
        >
          <option>
            —
          </option>
          <option
            value="MONDAY"
          >
            Monday
          </option>
          <option
            value="EVERYDAY"
          >
            Everyday
          </option>
        </select>
      </div>
    </div>
    <div
      className="timeslot_collection"
    >
      <div
        className="select"
      >
        <select
          className="form__control"
          id="collectionId"
          name="collectionId"
          onBlur={[Function]}
          required={true}
          value=""
        >
          <option>
            —
          </option>
          <option
            value="1"
          >
            Cool bud
          </option>
          <option
            value="25"
          >
            Misc.
          </option>
        </select>
      </div>
    </div>
  </div>
  <div
    className="form_actions"
  >
    <button
      className="linkButton"
      onClick={[Function]}
    >
      Add Timeslot
    </button>
    <button
      className="linkButton"
      onClick={[Function]}
    >
      Cancel
    </button>
  </div>
</form>
`;
