// Jest Snapshot v1, https://goo.gl/fbAQLP

exports[`TimeslotForm component renders a form 1`] = `
<form
  onSubmit={[Function]}
>
  <input
    name="time"
    onChange={[Function]}
    placeholder="00:00"
    required={true}
    type="text"
    value="01:30"
  />
  <div
    className="select"
  >
    <select
      className="form__control"
      id="recurrence"
      name="recurrence"
      onChange={[Function]}
      required={true}
      value=""
    >
      <option>
        —
      </option>
      <option
        value="MONDAY"
      >
        Monday
      </option>
      <option
        value="EVERYDAY"
      >
        Everyday
      </option>
    </select>
  </div>
  <div
    className="select"
  >
    <select
      className="form__control"
      id="collectionId"
      name="collectionId"
      onChange={[Function]}
      required={true}
      value=""
    >
      <option>
        —
      </option>
      <option
        value="1"
      >
        Cool bud
      </option>
      <option
        value="25"
      >
        Misc.
      </option>
    </select>
  </div>
  <button
    className="linkButton"
    onClick={[Function]}
  >
    Add Timeslot
  </button>
  <button
    className="linkButton"
    onClick={[Function]}
  >
    Cancel
  </button>
</form>
`;
