// Jest Snapshot v1, https://goo.gl/fbAQLP

exports[`CheckboxCollection component renders correctly 1`] = `
<div
  className="form__collection-wrapper"
>
  <label
    htmlFor="matthewpearse-0"
  >
    <input
      className="form__control"
      id="matthewpearse-0"
      type="checkbox"
    />
    <span
      className="form__indicator form__indicator_checkbox"
    >
      <svg
        className="icon icon_checkmark"
      >
        <use
          xlinkHref="/images/app.svg#checkmark-icon"
        />
      </svg>
    </span>
    matthewpearse
  </label>
</div>
`;
